(---------------------------------------------------------------------)
(                                                                     )
(    Shape Island Report                                              )
(                                                                     )
(    Drawing          : WAITINGPATIENTSIGN.brd                        )
(    Software Version : 16.6B033                                      )
(    Date/Time        : Fri Jan 22 15:26:50 2021                      )
(                                                                     )
(---------------------------------------------------------------------)


  Total islands on design: 8


  <<<  ETCH  >>>

    Layer = BOTTOM
	Point on shape: (31.2054 28.5450)  Net: GND
	Point on shape: (36.0180 28.6902)  Net: GND
	Point on shape: (120.7881 33.1352)  Net: GND
	Point on shape: (73.2069 38.8480)  Net: GND
	Point on shape: (101.8061 38.8480)  Net: GND
	Point on shape: (30.1580 43.9280)  Net: GND
	Point on shape: (31.4257 46.4702)  Net: GND
	Point on shape: (40.2732 49.0082)  Net: GND
